
> modernist-storefront@0.0.0 build
> vite build

[36mvite v6.4.1 [32mbuilding for production...[36m[39m
transforming...
node.exe : 
[33m[vite:css][postcss] 
@import must precede all other 
statements (besides @charset or 
empty @layer)
At line:1 char:1
+ & "C:\Program 
Files\nodejs/node.exe" 
"C:\Program 
Files\nodejs/node_mo ...
+ ~~~~~~~~~~~~~~~~~~~~~~~~~~~~~~
~~~~~~~~~~~~~~~~~~~~~~~~~~~~~~~~
~~~~~~~
    + CategoryInfo          : N 
   otSpecified: ([33m[vite:cs  
  s]...r empty @layer):String   
 ) [], RemoteException
    + FullyQualifiedErrorId : N 
   ativeCommandError
 
3  |  @tailwind utilities;
4  |  
5  |  @import url('https://fonts
.googleapis.com/css2?family=Inte
r:wght@300;400;600;800&family=Ou
tfit:wght@400;700;900&display=sw
ap');
   |  ^^^^^^^^^^^^^^^^^^^^^^^^^^
^^^^^^^^^^^^^^^^^^^^^^^^^^^^^^^^
^^^^^^^^^^^^^^^^^^^^^^^^^^^^^^^^
^^^^^^^^^^^^^^^^^^^^^^^^^^^^^^^^
^^^^^
6  |  
7  |  :root {[39m
[32m✓[39m 20 modules transformed.
[31m✗[39m Build failed in 
1.64s
[31merror during build:
[31m[vite:esbuild] Transform 
failed with 1 error:
C:/Users/User/Downloads/modernis
t-storefront (7)/components/AICh
atAgent.tsx:24:43: ERROR: 
Unexpected "{"[31m
file: [36mC:/Users/User/Downloa
ds/modernist-storefront (7)/comp
onents/AIChatAgent.tsx:24:43[31
m
[33m
[33mUnexpected "{"[33m
22 |    coupon?: { code: 
string; percent: number; 
reason: string };
23 |  
24 |    private tokenize(text: 
string): string[] {
   |                            
                 ^
25 |      return text
26 |        .toLowerCase()
[31m
    at failureErrorWithLog (C:\U
sers\User\Downloads\modernist-st
orefront (7)\node_modules\esbuil
d\lib\main.js:1467:15)
    at C:\Users\User\Downloads\m
odernist-storefront (7)\node_mod
ules\esbuild\lib\main.js:736:50
    at 
responseCallbacks.<computed> (C:
\Users\User\Downloads\modernist-
storefront (7)\node_modules\esbu
ild\lib\main.js:603:9)
    at handleIncomingPacket (C:\
Users\User\Downloads\modernist-s
torefront (7)\node_modules\esbui
ld\lib\main.js:658:12)
    at Socket.readFromStdout (C:
\Users\User\Downloads\modernist-
storefront (7)\node_modules\esbu
ild\lib\main.js:581:7)
    at Socket.emit 
(node:events:508:28)
    at addChunk (node:internal/s
treams/readable:559:12)
    at 
readableAddChunkPushByteMode (no
de:internal/streams/readable:510
:3)
    at Readable.push (node:inter
nal/streams/readable:390:5)
    at Pipe.onStreamRead (node:i
nternal/stream_base_commons:189:
23)[39m
